// Jest Snapshot v1, https://goo.gl/fbAQLP

exports[`Results Component renders correctly 1`] = `ShallowWrapper {}`;
