// Jest Snapshot v1, https://goo.gl/fbAQLP

exports[`Check response api Matches the snapshot 1`] = `ShallowWrapper {}`;
